// Jest Snapshot v1, https://goo.gl/fbAQLP

exports[`NotionCarousel render the UI as expected 1`] = `
<div
  className="NotionCarousel"
>
  <ul
    className="NotionCarousel__items"
  >
    <p>
      This product does not have any notions
    </p>
  </ul>
</div>
`;
