// Jest Snapshot v1, https://goo.gl/fbAQLP

exports[`EmailSignUp renders the UI as expected 1`] = `
<section
  className="EmailSignUp"
>
  <header>
    <h2>
      Save your favorite products
    </h2>
  </header>
  <p>
    Create an account to save your favorite products.
  </p>
  <form>
    <fieldset>
      <label
        htmlFor="email-signup"
      >
        Email 
      </label>
      <input
        id="email-signup"
        name="email-signup"
        type="text"
      />
    </fieldset>
    <button
      className="FormButton"
      onClick={[Function]}
      type="button"
    >
      Create account
    </button>
  </form>
</section>
`;
