// Jest Snapshot v1, https://goo.gl/fbAQLP

exports[`FabricCarousel renders the UI as expected 1`] = `
<div
  className="FabricCarousel"
>
  <ul
    className="FabricCarousel__items"
  />
</div>
`;
