// Jest Snapshot v1, https://goo.gl/fbAQLP

exports[`NPFFooter render the UI as expected 1`] = `
<footer
  className="NPFFooter"
>
  <button
    className="NPFFooter__previous"
    onClick={[Function]}
  >
    <svg
      aria-hidden="true"
      className="svg-inline--fa fa-angle-left fa-w-8 NPFFooter__left-arrow"
      data-icon="angle-left"
      data-prefix="fas"
      focusable="false"
      role="img"
      style={Object {}}
      viewBox="0 0 256 512"
      xmlns="http://www.w3.org/2000/svg"
    >
      <path
        d="M31.7 239l136-136c9.4-9.4 24.6-9.4 33.9 0l22.6 22.6c9.4 9.4 9.4 24.6 0 33.9L127.9 256l96.4 96.4c9.4 9.4 9.4 24.6 0 33.9L201.7 409c-9.4 9.4-24.6 9.4-33.9 0l-136-136c-9.5-9.4-9.5-24.6-.1-34z"
        fill="currentColor"
        style={Object {}}
      />
    </svg>
    <span>
      PREVIOUS
    </span>
  </button>
</footer>
`;
