// Jest Snapshot v1, https://goo.gl/fbAQLP

exports[`Category renders the UI as expected 1`] = `
<li
  className="Category"
>
  <a
    className="main-link"
    href="/category/1/s"
    onClick={[Function]}
  >
    <h2
      className="Category__title"
    >
      s
    </h2>
  </a>
</li>
`;
