// Jest Snapshot v1, https://goo.gl/fbAQLP

exports[`TextBlock renders the UI as expected 1`] = `
<div
  className="TextBlock"
>
  
</div>
`;
