// Jest Snapshot v1, https://goo.gl/fbAQLP

exports[`ProductDetailSection renders the UI as expected 1`] = `
Array [
  <hr
    className="ProductDetailSection__line"
  />,
  <section
    className="ProductDetailSection"
    id={1}
  >
    <button
      className="ProductDetailSection__button"
      onClick={[Function]}
      type="button"
    >
      <svg
        aria-hidden="true"
        className="svg-inline--fa fa-angle-down fa-w-10 "
        data-icon="angle-down"
        data-prefix="fas"
        focusable="false"
        role="img"
        style={Object {}}
        viewBox="0 0 320 512"
        xmlns="http://www.w3.org/2000/svg"
      >
        <path
          d="M143 352.3L7 216.3c-9.4-9.4-9.4-24.6 0-33.9l22.6-22.6c9.4-9.4 24.6-9.4 33.9 0l96.4 96.4 96.4-96.4c9.4-9.4 24.6-9.4 33.9 0l22.6 22.6c9.4 9.4 9.4 24.6 0 33.9l-136 136c-9.2 9.4-24.4 9.4-33.8 0z"
          fill="currentColor"
          style={Object {}}
        />
      </svg>
    </button>
    <header
      onClick={[Function]}
    >
      <h3>
        
      </h3>
    </header>
    <div
      className="ProductDetailSection__body"
    >
      
    </div>
  </section>,
]
`;
