// Jest Snapshot v1, https://goo.gl/fbAQLP

exports[`Login renders the UI as expected 1`] = `
<form
  className="Login"
>
  <header>
    <h2
      className="FormTitle"
    >
      Log in
    </h2>
  </header>
  <fieldset
    className="Login__fieldset"
  >
    <div
      className="FormTextInput"
    >
      <label
        htmlFor="login-email"
      >
        Email
      </label>
      <input
        id="login-email"
        name="loginEmail"
        onChange={[Function]}
        required={true}
        type="text"
        value=""
      />
    </div>
    <div
      className="FormTextInput"
    >
      <label
        htmlFor="login-password"
      >
        Password
      </label>
      <input
        id="login-password"
        name="loginPassword"
        onChange={[Function]}
        required={true}
        type="text"
        value=""
      />
    </div>
    <a
      href="/forgot-password"
      onClick={[Function]}
    >
      Forgot password?
    </a>
  </fieldset>
  <button
    className="FormButton"
    onClick={[Function]}
    type="button"
  >
    SIGN IN
  </button>
  <a
    className="main-link"
    href="/create-account"
    onClick={[Function]}
  >
    Create an account
  </a>
</form>
`;
