// Jest Snapshot v1, https://goo.gl/fbAQLP

exports[`NewAccount renders the UI as expected 1`] = `
<form
  className="NewAccount"
>
  <header>
    <h2
      className="FormTitle"
    >
      Create an account
    </h2>
  </header>
  <fieldset
    className="NewAccount__fieldset"
  >
    <div
      className="FormTextInput"
    >
      <label
        htmlFor="create-email"
      >
        Email
      </label>
      <input
        id="create-email"
        name="createEmail"
        onChange={[Function]}
        required={true}
        type="text"
        value=""
      />
    </div>
    <div
      className="FormTextInput"
    >
      <label
        htmlFor="create-password"
      >
        Password
      </label>
      <input
        id="create-password"
        name="createPassword"
        onChange={[Function]}
        required={true}
        type="text"
        value=""
      />
    </div>
    <div
      className="FormTextInput"
    >
      <label
        htmlFor="repeat-password"
      >
        Repeat password
      </label>
      <input
        id="repeat-password"
        name="repeatPassword"
        onChange={[Function]}
        required={true}
        type="text"
        value=""
      />
    </div>
  </fieldset>
  <button
    className="FormButton"
    onClick={[Function]}
    type="button"
  >
    CREATE ACCOUNT
  </button>
  <a
    href="/login"
    onClick={[Function]}
  >
    Log in
  </a>
</form>
`;
