// Vitest Snapshot v1, https://vitest.dev/guide/snapshot.html

exports[`Product > renders the UI as expected 1`] = `
{
  "asFragment": [Function],
  "baseElement": <body>
    <div>
      <li
        class="Product"
        id="0"
      >
        <a
          href="/product/0/"
        >
          <div
            class="Product__cropped"
          >
            <img
              alt=""
              src=""
            />
          </div>
          <p
            class="Product__brand-and-title"
          >
            <span>
               
            </span>
            <span />
          </p>
          <p
            class="Product__price"
          >
            $
            0
          </p>
        </a>
      </li>
    </div>
  </body>,
  "container": <div>
    <li
      class="Product"
      id="0"
    >
      <a
        href="/product/0/"
      >
        <div
          class="Product__cropped"
        >
          <img
            alt=""
            src=""
          />
        </div>
        <p
          class="Product__brand-and-title"
        >
          <span>
             
          </span>
          <span />
        </p>
        <p
          class="Product__price"
        >
          $
          0
        </p>
      </a>
    </li>
  </div>,
  "debug": [Function],
  "findAllByAltText": [Function],
  "findAllByDisplayValue": [Function],
  "findAllByLabelText": [Function],
  "findAllByPlaceholderText": [Function],
  "findAllByRole": [Function],
  "findAllByTestId": [Function],
  "findAllByText": [Function],
  "findAllByTitle": [Function],
  "findByAltText": [Function],
  "findByDisplayValue": [Function],
  "findByLabelText": [Function],
  "findByPlaceholderText": [Function],
  "findByRole": [Function],
  "findByTestId": [Function],
  "findByText": [Function],
  "findByTitle": [Function],
  "getAllByAltText": [Function],
  "getAllByDisplayValue": [Function],
  "getAllByLabelText": [Function],
  "getAllByPlaceholderText": [Function],
  "getAllByRole": [Function],
  "getAllByTestId": [Function],
  "getAllByText": [Function],
  "getAllByTitle": [Function],
  "getByAltText": [Function],
  "getByDisplayValue": [Function],
  "getByLabelText": [Function],
  "getByPlaceholderText": [Function],
  "getByRole": [Function],
  "getByTestId": [Function],
  "getByText": [Function],
  "getByTitle": [Function],
  "queryAllByAltText": [Function],
  "queryAllByDisplayValue": [Function],
  "queryAllByLabelText": [Function],
  "queryAllByPlaceholderText": [Function],
  "queryAllByRole": [Function],
  "queryAllByTestId": [Function],
  "queryAllByText": [Function],
  "queryAllByTitle": [Function],
  "queryByAltText": [Function],
  "queryByDisplayValue": [Function],
  "queryByLabelText": [Function],
  "queryByPlaceholderText": [Function],
  "queryByRole": [Function],
  "queryByTestId": [Function],
  "queryByText": [Function],
  "queryByTitle": [Function],
  "rerender": [Function],
  "unmount": [Function],
}
`;
