// Vitest Snapshot v1, https://vitest.dev/guide/snapshot.html

exports[`PrincipleList > renders the UI as expected 1`] = `
{
  "asFragment": [Function],
  "baseElement": <body>
    <div>
      <section
        class="PrincipleList"
      >
        <header>
          <h2>
            Transparency is key
          </h2>
          <p>
            Veronaut helps you understand product descriptions and points out the information brands choose to omit.
          </p>
        </header>
        <ul>
          <li
            class="Principle"
          >
            <h3>
              Good design
            </h3>
            <p>
              We value versatile styles that bring out our best selves in the office and at happy hour.  That hold up on our bike commutes and school pick-ups.  Our ideal clothing is bra-friendly, easy care, and has pockets.
            </p>
          </li>
          <li
            class="Principle"
          >
            <h3>
              Ethical
            </h3>
            <p>
              We report which brands have the most transparent supply chains, and which brands prioritize worker safety, living wages, and freedom of association (the right to join a union).
            </p>
          </li>
          <li
            class="Principle"
          >
            <h3>
              Sustainable
            </h3>
            <p>
              We feature clothing made with natural and cellulose-based fibers, with exceptions for a few categories like outerwear and swimwear.  While we include thoughtfully-sourced wool products, we exclude leather and fur.
            </p>
          </li>
        </ul>
      </section>
    </div>
  </body>,
  "container": <div>
    <section
      class="PrincipleList"
    >
      <header>
        <h2>
          Transparency is key
        </h2>
        <p>
          Veronaut helps you understand product descriptions and points out the information brands choose to omit.
        </p>
      </header>
      <ul>
        <li
          class="Principle"
        >
          <h3>
            Good design
          </h3>
          <p>
            We value versatile styles that bring out our best selves in the office and at happy hour.  That hold up on our bike commutes and school pick-ups.  Our ideal clothing is bra-friendly, easy care, and has pockets.
          </p>
        </li>
        <li
          class="Principle"
        >
          <h3>
            Ethical
          </h3>
          <p>
            We report which brands have the most transparent supply chains, and which brands prioritize worker safety, living wages, and freedom of association (the right to join a union).
          </p>
        </li>
        <li
          class="Principle"
        >
          <h3>
            Sustainable
          </h3>
          <p>
            We feature clothing made with natural and cellulose-based fibers, with exceptions for a few categories like outerwear and swimwear.  While we include thoughtfully-sourced wool products, we exclude leather and fur.
          </p>
        </li>
      </ul>
    </section>
  </div>,
  "debug": [Function],
  "findAllByAltText": [Function],
  "findAllByDisplayValue": [Function],
  "findAllByLabelText": [Function],
  "findAllByPlaceholderText": [Function],
  "findAllByRole": [Function],
  "findAllByTestId": [Function],
  "findAllByText": [Function],
  "findAllByTitle": [Function],
  "findByAltText": [Function],
  "findByDisplayValue": [Function],
  "findByLabelText": [Function],
  "findByPlaceholderText": [Function],
  "findByRole": [Function],
  "findByTestId": [Function],
  "findByText": [Function],
  "findByTitle": [Function],
  "getAllByAltText": [Function],
  "getAllByDisplayValue": [Function],
  "getAllByLabelText": [Function],
  "getAllByPlaceholderText": [Function],
  "getAllByRole": [Function],
  "getAllByTestId": [Function],
  "getAllByText": [Function],
  "getAllByTitle": [Function],
  "getByAltText": [Function],
  "getByDisplayValue": [Function],
  "getByLabelText": [Function],
  "getByPlaceholderText": [Function],
  "getByRole": [Function],
  "getByTestId": [Function],
  "getByText": [Function],
  "getByTitle": [Function],
  "queryAllByAltText": [Function],
  "queryAllByDisplayValue": [Function],
  "queryAllByLabelText": [Function],
  "queryAllByPlaceholderText": [Function],
  "queryAllByRole": [Function],
  "queryAllByTestId": [Function],
  "queryAllByText": [Function],
  "queryAllByTitle": [Function],
  "queryByAltText": [Function],
  "queryByDisplayValue": [Function],
  "queryByLabelText": [Function],
  "queryByPlaceholderText": [Function],
  "queryByRole": [Function],
  "queryByTestId": [Function],
  "queryByText": [Function],
  "queryByTitle": [Function],
  "rerender": [Function],
  "unmount": [Function],
}
`;
