// Jest Snapshot v1, https://goo.gl/fbAQLP

exports[`ScrollToTop render the UI as expected 1`] = `null`;
