// Jest Snapshot v1, https://goo.gl/fbAQLP

exports[`CatCarousel renders the UI as expected 1`] = `
<div
  className="CatCarousel"
  id={0}
>
  <ul
    className="CatCarousel__list"
  >
    <li>
      <div>
        <img
          alt=""
          src=""
        />
      </div>
      <p>
        
      </p>
    </li>
  </ul>
</div>
`;
