// Jest Snapshot v1, https://goo.gl/fbAQLP

exports[`PhotoCarousel renders the UI as expected 1`] = `
<div
  className="PhotoCarousel"
  id={0}
>
  <ul
    className="PhotoCarousel__items"
  >
    <li>
      <img
        alt="  1"
        src=""
      />
    </li>
  </ul>
</div>
`;
