// Jest Snapshot v1, https://goo.gl/fbAQLP

exports[`FormDropdown render the UI as expected 1`] = `
<div
  className="FormDropdown"
>
  <label
    htmlFor={1}
  >
    
  </label>
  
  <select
    name=""
    onChange={[Function]}
    required={true}
    value=""
  />
</div>
`;
