// Jest Snapshot v1, https://goo.gl/fbAQLP

exports[`FormPopUp render the UI as expected 1`] = `
<section
  className=""
  id={1}
>
  <button
    className="FormPopUp__close-button"
    onClick={[Function]}
    type="button"
  />
  <header>
    <h1>
      
    </h1>
  </header>
  <div />
  <button
    className="FormButton"
    onClick={[Function]}
    type="button"
  >
    
  </button>
</section>
`;
