// Jest Snapshot v1, https://goo.gl/fbAQLP

exports[`FormPage render the UI as expected 1`] = `
<section
  className="FormPage"
>
  <div
    className="empty"
  />
  <form
    autoComplete="off"
    id="form-page"
  >
    
  </form>
  <div>
    
  </div>
</section>
`;
