// Jest Snapshot v1, https://goo.gl/fbAQLP

exports[`ProdCarousel renders the UI as expected 1`] = `
<div
  className="ProdCarousel"
  id=""
>
  <ul
    className="ProdCarousel__items"
  >
    <li>
      <img
        alt="  1"
        src=""
      />
    </li>
  </ul>
</div>
`;
