// Vitest Snapshot v1, https://vitest.dev/guide/snapshot.html

exports[`ForgotPassword > render the UI as expected 1`] = `
{
  "asFragment": [Function],
  "baseElement": <body>
    <div>
      <form
        class="ForgotPassword"
      >
        <header>
          <h2
            class="FormTitle"
          >
            Forgot your password?
          </h2>
        </header>
        <div
          class="FormPromptWithSub"
        >
          <p
            class="FormPromptWithSub__prompt"
          >
            Enter your email and we will send you a link to reset your password.
          </p>
          <p
            class="FormPromptWithSub__subtitle"
          />
        </div>
        <fieldset
          class="ForgotPassword__fieldset"
        >
          <div
            class="FormTextInput"
          >
            <label
              for="forgot-email"
            >
              Email
            </label>
            <input
              id="forgot-email"
              name="forgotEmail"
              required=""
              type="text"
              value=""
            />
          </div>
        </fieldset>
        <button
          class="FormButton"
          type="button"
        >
          SEND EMAIL
        </button>
        <a
          class="main-link"
          href="/login"
        >
          Log in
        </a>
      </form>
    </div>
  </body>,
  "container": <div>
    <form
      class="ForgotPassword"
    >
      <header>
        <h2
          class="FormTitle"
        >
          Forgot your password?
        </h2>
      </header>
      <div
        class="FormPromptWithSub"
      >
        <p
          class="FormPromptWithSub__prompt"
        >
          Enter your email and we will send you a link to reset your password.
        </p>
        <p
          class="FormPromptWithSub__subtitle"
        />
      </div>
      <fieldset
        class="ForgotPassword__fieldset"
      >
        <div
          class="FormTextInput"
        >
          <label
            for="forgot-email"
          >
            Email
          </label>
          <input
            id="forgot-email"
            name="forgotEmail"
            required=""
            type="text"
            value=""
          />
        </div>
      </fieldset>
      <button
        class="FormButton"
        type="button"
      >
        SEND EMAIL
      </button>
      <a
        class="main-link"
        href="/login"
      >
        Log in
      </a>
    </form>
  </div>,
  "debug": [Function],
  "findAllByAltText": [Function],
  "findAllByDisplayValue": [Function],
  "findAllByLabelText": [Function],
  "findAllByPlaceholderText": [Function],
  "findAllByRole": [Function],
  "findAllByTestId": [Function],
  "findAllByText": [Function],
  "findAllByTitle": [Function],
  "findByAltText": [Function],
  "findByDisplayValue": [Function],
  "findByLabelText": [Function],
  "findByPlaceholderText": [Function],
  "findByRole": [Function],
  "findByTestId": [Function],
  "findByText": [Function],
  "findByTitle": [Function],
  "getAllByAltText": [Function],
  "getAllByDisplayValue": [Function],
  "getAllByLabelText": [Function],
  "getAllByPlaceholderText": [Function],
  "getAllByRole": [Function],
  "getAllByTestId": [Function],
  "getAllByText": [Function],
  "getAllByTitle": [Function],
  "getByAltText": [Function],
  "getByDisplayValue": [Function],
  "getByLabelText": [Function],
  "getByPlaceholderText": [Function],
  "getByRole": [Function],
  "getByTestId": [Function],
  "getByText": [Function],
  "getByTitle": [Function],
  "queryAllByAltText": [Function],
  "queryAllByDisplayValue": [Function],
  "queryAllByLabelText": [Function],
  "queryAllByPlaceholderText": [Function],
  "queryAllByRole": [Function],
  "queryAllByTestId": [Function],
  "queryAllByText": [Function],
  "queryAllByTitle": [Function],
  "queryByAltText": [Function],
  "queryByDisplayValue": [Function],
  "queryByLabelText": [Function],
  "queryByPlaceholderText": [Function],
  "queryByRole": [Function],
  "queryByTestId": [Function],
  "queryByText": [Function],
  "queryByTitle": [Function],
  "rerender": [Function],
  "unmount": [Function],
}
`;
