// Jest Snapshot v1, https://goo.gl/fbAQLP

exports[`ForgotPassword render the UI as expected 1`] = `
<form
  className="ForgotPassword"
>
  <header>
    <h2
      className="FormTitle"
    >
      Forgot your password?
    </h2>
  </header>
  <div
    className="FormPromptWithSub"
  >
    <p
      className="FormPromptWithSub__prompt"
    >
      Enter your email and we will send you a link to reset your password.
    </p>
    <p
      className="FormPromptWithSub__subtitle"
    >
      
    </p>
  </div>
  <fieldset
    className="ForgotPassword__fieldset"
  >
    <div
      className="FormTextInput"
    >
      <label
        htmlFor="forgot-email"
      >
        Email
      </label>
      <input
        id="forgot-email"
        name="forgotEmail"
        onChange={[Function]}
        required={true}
        type="text"
        value=""
      />
    </div>
  </fieldset>
  <button
    className="FormButton"
    onClick={[Function]}
    type="button"
  >
    SEND EMAIL
  </button>
  <a
    className="main-link"
    href="/login"
    onClick={[Function]}
  >
    Log in
  </a>
</form>
`;
